Copyright 1986-2022 Xilinx, Inc. All Rights Reserved. Copyright 2022-2023 Advanced Micro Devices, Inc. All Rights Reserved.
------------------------------------------------------------------------------------------------------------------------------------------------------------------------------------------------------
| Tool Version : Vivado v.2023.2 (win64) Build 4029153 Fri Oct 13 20:14:34 MDT 2023
| Date         : Mon Nov 20 10:32:37 2023
| Host         : xjh-laptop running 64-bit major release  (build 9200)
| Command      : report_timing_summary -max_paths 10 -report_unconstrained -file top_timing_summary_routed.rpt -pb top_timing_summary_routed.pb -rpx top_timing_summary_routed.rpx -warn_on_violation
| Design       : top
| Device       : 7a100t-csg324
| Speed File   : -1  PRODUCTION 1.23 2018-06-13
| Design State : Routed
------------------------------------------------------------------------------------------------------------------------------------------------------------------------------------------------------

Timing Summary Report

------------------------------------------------------------------------------------------------
| Timer Settings
| --------------
------------------------------------------------------------------------------------------------

  Enable Multi Corner Analysis               :  Yes
  Enable Pessimism Removal                   :  Yes
  Pessimism Removal Resolution               :  Nearest Common Node
  Enable Input Delay Default Clock           :  No
  Enable Preset / Clear Arcs                 :  No
  Disable Flight Delays                      :  No
  Ignore I/O Paths                           :  No
  Timing Early Launch at Borrowing Latches   :  No
  Borrow Time for Max Delay Exceptions       :  Yes
  Merge Timing Exceptions                    :  Yes
  Inter-SLR Compensation                     :  Conservative

  Corner  Analyze    Analyze    
  Name    Max Paths  Min Paths  
  ------  ---------  ---------  
  Slow    Yes        Yes        
  Fast    Yes        Yes        


------------------------------------------------------------------------------------------------
| Report Methodology
| ------------------
------------------------------------------------------------------------------------------------

No report available as report_methodology has not been run prior. Run report_methodology on the current design for the summary of methodology violations.



check_timing report

Table of Contents
-----------------
1. checking no_clock (0)
2. checking constant_clock (0)
3. checking pulse_width_clock (0)
4. checking unconstrained_internal_endpoints (0)
5. checking no_input_delay (0)
6. checking no_output_delay (0)
7. checking multiple_clock (0)
8. checking generated_clocks (0)
9. checking loops (0)
10. checking partial_input_delay (0)
11. checking partial_output_delay (0)
12. checking latch_loops (0)

1. checking no_clock (0)
------------------------
 There are 0 register/latch pins with no clock.


2. checking constant_clock (0)
------------------------------
 There are 0 register/latch pins with constant_clock.


3. checking pulse_width_clock (0)
---------------------------------
 There are 0 register/latch pins which need pulse_width check


4. checking unconstrained_internal_endpoints (0)
------------------------------------------------
 There are 0 pins that are not constrained for maximum delay.

 There are 0 pins that are not constrained for maximum delay due to constant clock.


5. checking no_input_delay (0)
------------------------------
 There are 0 input ports with no input delay specified.

 There are 0 input ports with no input delay but user has a false path constraint.


6. checking no_output_delay (0)
-------------------------------
 There are 0 ports with no output delay specified.

 There are 0 ports with no output delay but user has a false path constraint

 There are 0 ports with no output delay but with a timing clock defined on it or propagating through it


7. checking multiple_clock (0)
------------------------------
 There are 0 register/latch pins with multiple clocks.


8. checking generated_clocks (0)
--------------------------------
 There are 0 generated clocks that are not connected to a clock source.


9. checking loops (0)
---------------------
 There are 0 combinational loops in the design.


10. checking partial_input_delay (0)
------------------------------------
 There are 0 input ports with partial input delay specified.


11. checking partial_output_delay (0)
-------------------------------------
 There are 0 ports with partial output delay specified.


12. checking latch_loops (0)
----------------------------
 There are 0 combinational latch loops in the design through latch input



------------------------------------------------------------------------------------------------
| Design Timing Summary
| ---------------------
------------------------------------------------------------------------------------------------

    WNS(ns)      TNS(ns)  TNS Failing Endpoints  TNS Total Endpoints      WHS(ns)      THS(ns)  THS Failing Endpoints  THS Total Endpoints     WPWS(ns)     TPWS(ns)  TPWS Failing Endpoints  TPWS Total Endpoints  
    -------      -------  ---------------------  -------------------      -------      -------  ---------------------  -------------------     --------     --------  ----------------------  --------------------  
      8.391        0.000                      0                   24        0.190        0.000                      0                   24        4.500        0.000                       0                   145  


All user specified timing constraints are met.


------------------------------------------------------------------------------------------------
| Clock Summary
| -------------
------------------------------------------------------------------------------------------------

Clock        Waveform(ns)       Period(ns)      Frequency(MHz)
-----        ------------       ----------      --------------
sys_clk_pin  {0.000 5.000}      10.000          100.000         


------------------------------------------------------------------------------------------------
| Intra Clock Table
| -----------------
------------------------------------------------------------------------------------------------

Clock             WNS(ns)      TNS(ns)  TNS Failing Endpoints  TNS Total Endpoints      WHS(ns)      THS(ns)  THS Failing Endpoints  THS Total Endpoints     WPWS(ns)     TPWS(ns)  TPWS Failing Endpoints  TPWS Total Endpoints  
-----             -------      -------  ---------------------  -------------------      -------      -------  ---------------------  -------------------     --------     --------  ----------------------  --------------------  
sys_clk_pin         8.391        0.000                      0                   24        0.190        0.000                      0                   24        4.500        0.000                       0                   145  


------------------------------------------------------------------------------------------------
| Inter Clock Table
| -----------------
------------------------------------------------------------------------------------------------

From Clock    To Clock          WNS(ns)      TNS(ns)  TNS Failing Endpoints  TNS Total Endpoints      WHS(ns)      THS(ns)  THS Failing Endpoints  THS Total Endpoints  
----------    --------          -------      -------  ---------------------  -------------------      -------      -------  ---------------------  -------------------  


------------------------------------------------------------------------------------------------
| Other Path Groups Table
| -----------------------
------------------------------------------------------------------------------------------------

Path Group    From Clock    To Clock          WNS(ns)      TNS(ns)  TNS Failing Endpoints  TNS Total Endpoints      WHS(ns)      THS(ns)  THS Failing Endpoints  THS Total Endpoints  
----------    ----------    --------          -------      -------  ---------------------  -------------------      -------      -------  ---------------------  -------------------  


------------------------------------------------------------------------------------------------
| User Ignored Path Table
| -----------------------
------------------------------------------------------------------------------------------------

Path Group    From Clock    To Clock    
----------    ----------    --------    


------------------------------------------------------------------------------------------------
| Unconstrained Path Table
| ------------------------
------------------------------------------------------------------------------------------------

Path Group    From Clock    To Clock    
----------    ----------    --------    


------------------------------------------------------------------------------------------------
| Timing Details
| --------------
------------------------------------------------------------------------------------------------


---------------------------------------------------------------------------------------------------
From Clock:  sys_clk_pin
  To Clock:  sys_clk_pin

Setup :            0  Failing Endpoints,  Worst Slack        8.391ns,  Total Violation        0.000ns
Hold  :            0  Failing Endpoints,  Worst Slack        0.190ns,  Total Violation        0.000ns
PW    :            0  Failing Endpoints,  Worst Slack        4.500ns,  Total Violation        0.000ns
---------------------------------------------------------------------------------------------------


Max Delay Paths
--------------------------------------------------------------------------------------
Slack (MET) :             8.391ns  (required time - arrival time)
  Source:                 craft_state_register_inst/state_registers_reg[0]/C
                            (rising edge-triggered cell FDRE clocked by sys_clk_pin  {rise@0.000ns fall@5.000ns period=10.000ns})
  Destination:            craft_state_register_inst/state_registers_reg[16]/D
                            (rising edge-triggered cell FDRE clocked by sys_clk_pin  {rise@0.000ns fall@5.000ns period=10.000ns})
  Path Group:             sys_clk_pin
  Path Type:              Setup (Max at Slow Process Corner)
  Requirement:            10.000ns  (sys_clk_pin rise@10.000ns - sys_clk_pin rise@0.000ns)
  Data Path Delay:        1.655ns  (logic 0.642ns (38.800%)  route 1.013ns (61.200%))
  Logic Levels:           1  (LUT5=1)
  Clock Path Skew:        0.000ns (DCD - SCD + CPR)
    Destination Clock Delay (DCD):    5.181ns = ( 15.181 - 10.000 ) 
    Source Clock Delay      (SCD):    5.488ns
    Clock Pessimism Removal (CPR):    0.306ns
  Clock Uncertainty:      0.035ns  ((TSJ^2 + TIJ^2)^1/2 + DJ) / 2 + PE
    Total System Jitter     (TSJ):    0.071ns
    Total Input Jitter      (TIJ):    0.000ns
    Discrete Jitter          (DJ):    0.000ns
    Phase Error              (PE):    0.000ns

    Location             Delay type                Incr(ns)  Path(ns)    Netlist Resource(s)
  -------------------------------------------------------------------    -------------------
                         (clock sys_clk_pin rise edge)
                                                      0.000     0.000 r  
    E3                                                0.000     0.000 r  CLK100MHZ (IN)
                         net (fo=0)                   0.000     0.000    CLK100MHZ
    E3                   IBUF (Prop_ibuf_I_O)         1.482     1.482 r  CLK100MHZ_IBUF_inst/O
                         net (fo=1, routed)           2.025     3.506    CLK100MHZ_IBUF
    BUFGCTRL_X0Y16       BUFG (Prop_bufg_I_O)         0.096     3.602 r  CLK100MHZ_IBUF_BUFG_inst/O
                         net (fo=144, routed)         1.885     5.488    craft_state_register_inst/clk
    SLICE_X6Y20          FDRE                                         r  craft_state_register_inst/state_registers_reg[0]/C
  -------------------------------------------------------------------    -------------------
    SLICE_X6Y20          FDRE (Prop_fdre_C_Q)         0.518     6.006 r  craft_state_register_inst/state_registers_reg[0]/Q
                         net (fo=2, routed)           1.013     7.018    craft_state_register_inst/state_registers[0]
    SLICE_X6Y20          LUT5 (Prop_lut5_I3_O)        0.124     7.142 r  craft_state_register_inst/state_registers[16]_i_1/O
                         net (fo=1, routed)           0.000     7.142    craft_state_register_inst/state_registers[16]_i_1_n_0
    SLICE_X6Y20          FDRE                                         r  craft_state_register_inst/state_registers_reg[16]/D
  -------------------------------------------------------------------    -------------------

                         (clock sys_clk_pin rise edge)
                                                     10.000    10.000 r  
    E3                                                0.000    10.000 r  CLK100MHZ (IN)
                         net (fo=0)                   0.000    10.000    CLK100MHZ
    E3                   IBUF (Prop_ibuf_I_O)         1.411    11.411 r  CLK100MHZ_IBUF_inst/O
                         net (fo=1, routed)           1.920    13.331    CLK100MHZ_IBUF
    BUFGCTRL_X0Y16       BUFG (Prop_bufg_I_O)         0.091    13.422 r  CLK100MHZ_IBUF_BUFG_inst/O
                         net (fo=144, routed)         1.759    15.181    craft_state_register_inst/clk
    SLICE_X6Y20          FDRE                                         r  craft_state_register_inst/state_registers_reg[16]/C
                         clock pessimism              0.306    15.488    
                         clock uncertainty           -0.035    15.452    
    SLICE_X6Y20          FDRE (Setup_fdre_C_D)        0.081    15.533    craft_state_register_inst/state_registers_reg[16]
  -------------------------------------------------------------------
                         required time                         15.533    
                         arrival time                          -7.142    
  -------------------------------------------------------------------
                         slack                                  8.391    

Slack (MET) :             8.420ns  (required time - arrival time)
  Source:                 craft_state_register_inst/state_registers_reg[19]/C
                            (rising edge-triggered cell FDRE clocked by sys_clk_pin  {rise@0.000ns fall@5.000ns period=10.000ns})
  Destination:            craft_state_register_inst/state_registers_reg[35]/D
                            (rising edge-triggered cell FDRE clocked by sys_clk_pin  {rise@0.000ns fall@5.000ns period=10.000ns})
  Path Group:             sys_clk_pin
  Path Type:              Setup (Max at Slow Process Corner)
  Requirement:            10.000ns  (sys_clk_pin rise@10.000ns - sys_clk_pin rise@0.000ns)
  Data Path Delay:        1.625ns  (logic 0.642ns (39.496%)  route 0.983ns (60.504%))
  Logic Levels:           1  (LUT4=1)
  Clock Path Skew:        0.000ns (DCD - SCD + CPR)
    Destination Clock Delay (DCD):    5.181ns = ( 15.181 - 10.000 ) 
    Source Clock Delay      (SCD):    5.488ns
    Clock Pessimism Removal (CPR):    0.306ns
  Clock Uncertainty:      0.035ns  ((TSJ^2 + TIJ^2)^1/2 + DJ) / 2 + PE
    Total System Jitter     (TSJ):    0.071ns
    Total Input Jitter      (TIJ):    0.000ns
    Discrete Jitter          (DJ):    0.000ns
    Phase Error              (PE):    0.000ns

    Location             Delay type                Incr(ns)  Path(ns)    Netlist Resource(s)
  -------------------------------------------------------------------    -------------------
                         (clock sys_clk_pin rise edge)
                                                      0.000     0.000 r  
    E3                                                0.000     0.000 r  CLK100MHZ (IN)
                         net (fo=0)                   0.000     0.000    CLK100MHZ
    E3                   IBUF (Prop_ibuf_I_O)         1.482     1.482 r  CLK100MHZ_IBUF_inst/O
                         net (fo=1, routed)           2.025     3.506    CLK100MHZ_IBUF
    BUFGCTRL_X0Y16       BUFG (Prop_bufg_I_O)         0.096     3.602 r  CLK100MHZ_IBUF_BUFG_inst/O
                         net (fo=144, routed)         1.885     5.488    craft_state_register_inst/clk
    SLICE_X2Y21          FDRE                                         r  craft_state_register_inst/state_registers_reg[19]/C
  -------------------------------------------------------------------    -------------------
    SLICE_X2Y21          FDRE (Prop_fdre_C_Q)         0.518     6.006 r  craft_state_register_inst/state_registers_reg[19]/Q
                         net (fo=1, routed)           0.983     6.989    craft_state_register_inst/state_registers[19]
    SLICE_X2Y21          LUT4 (Prop_lut4_I2_O)        0.124     7.113 r  craft_state_register_inst/state_registers[35]_i_1/O
                         net (fo=1, routed)           0.000     7.113    craft_state_register_inst/state_registers[35]_i_1_n_0
    SLICE_X2Y21          FDRE                                         r  craft_state_register_inst/state_registers_reg[35]/D
  -------------------------------------------------------------------    -------------------

                         (clock sys_clk_pin rise edge)
                                                     10.000    10.000 r  
    E3                                                0.000    10.000 r  CLK100MHZ (IN)
                         net (fo=0)                   0.000    10.000    CLK100MHZ
    E3                   IBUF (Prop_ibuf_I_O)         1.411    11.411 r  CLK100MHZ_IBUF_inst/O
                         net (fo=1, routed)           1.920    13.331    CLK100MHZ_IBUF
    BUFGCTRL_X0Y16       BUFG (Prop_bufg_I_O)         0.091    13.422 r  CLK100MHZ_IBUF_BUFG_inst/O
                         net (fo=144, routed)         1.759    15.181    craft_state_register_inst/clk
    SLICE_X2Y21          FDRE                                         r  craft_state_register_inst/state_registers_reg[35]/C
                         clock pessimism              0.306    15.488    
                         clock uncertainty           -0.035    15.452    
    SLICE_X2Y21          FDRE (Setup_fdre_C_D)        0.081    15.533    craft_state_register_inst/state_registers_reg[35]
  -------------------------------------------------------------------
                         required time                         15.533    
                         arrival time                          -7.113    
  -------------------------------------------------------------------
                         slack                                  8.420    

Slack (MET) :             8.512ns  (required time - arrival time)
  Source:                 craft_state_register_inst/state_registers_reg[35]/C
                            (rising edge-triggered cell FDRE clocked by sys_clk_pin  {rise@0.000ns fall@5.000ns period=10.000ns})
  Destination:            craft_state_register_inst/state_registers_reg[51]/D
                            (rising edge-triggered cell FDRE clocked by sys_clk_pin  {rise@0.000ns fall@5.000ns period=10.000ns})
  Path Group:             sys_clk_pin
  Path Type:              Setup (Max at Slow Process Corner)
  Requirement:            10.000ns  (sys_clk_pin rise@10.000ns - sys_clk_pin rise@0.000ns)
  Data Path Delay:        1.532ns  (logic 0.642ns (41.910%)  route 0.890ns (58.090%))
  Logic Levels:           1  (LUT5=1)
  Clock Path Skew:        0.000ns (DCD - SCD + CPR)
    Destination Clock Delay (DCD):    5.181ns = ( 15.181 - 10.000 ) 
    Source Clock Delay      (SCD):    5.488ns
    Clock Pessimism Removal (CPR):    0.306ns
  Clock Uncertainty:      0.035ns  ((TSJ^2 + TIJ^2)^1/2 + DJ) / 2 + PE
    Total System Jitter     (TSJ):    0.071ns
    Total Input Jitter      (TIJ):    0.000ns
    Discrete Jitter          (DJ):    0.000ns
    Phase Error              (PE):    0.000ns

    Location             Delay type                Incr(ns)  Path(ns)    Netlist Resource(s)
  -------------------------------------------------------------------    -------------------
                         (clock sys_clk_pin rise edge)
                                                      0.000     0.000 r  
    E3                                                0.000     0.000 r  CLK100MHZ (IN)
                         net (fo=0)                   0.000     0.000    CLK100MHZ
    E3                   IBUF (Prop_ibuf_I_O)         1.482     1.482 r  CLK100MHZ_IBUF_inst/O
                         net (fo=1, routed)           2.025     3.506    CLK100MHZ_IBUF
    BUFGCTRL_X0Y16       BUFG (Prop_bufg_I_O)         0.096     3.602 r  CLK100MHZ_IBUF_BUFG_inst/O
                         net (fo=144, routed)         1.885     5.488    craft_state_register_inst/clk
    SLICE_X2Y21          FDRE                                         r  craft_state_register_inst/state_registers_reg[35]/C
  -------------------------------------------------------------------    -------------------
    SLICE_X2Y21          FDRE (Prop_fdre_C_Q)         0.518     6.006 r  craft_state_register_inst/state_registers_reg[35]/Q
                         net (fo=2, routed)           0.890     6.896    craft_state_register_inst/state_registers[35]
    SLICE_X2Y21          LUT5 (Prop_lut5_I3_O)        0.124     7.020 r  craft_state_register_inst/state_registers[51]_i_2/O
                         net (fo=1, routed)           0.000     7.020    craft_state_register_inst/state_registers[51]_i_2_n_0
    SLICE_X2Y21          FDRE                                         r  craft_state_register_inst/state_registers_reg[51]/D
  -------------------------------------------------------------------    -------------------

                         (clock sys_clk_pin rise edge)
                                                     10.000    10.000 r  
    E3                                                0.000    10.000 r  CLK100MHZ (IN)
                         net (fo=0)                   0.000    10.000    CLK100MHZ
    E3                   IBUF (Prop_ibuf_I_O)         1.411    11.411 r  CLK100MHZ_IBUF_inst/O
                         net (fo=1, routed)           1.920    13.331    CLK100MHZ_IBUF
    BUFGCTRL_X0Y16       BUFG (Prop_bufg_I_O)         0.091    13.422 r  CLK100MHZ_IBUF_BUFG_inst/O
                         net (fo=144, routed)         1.759    15.181    craft_state_register_inst/clk
    SLICE_X2Y21          FDRE                                         r  craft_state_register_inst/state_registers_reg[51]/C
                         clock pessimism              0.306    15.488    
                         clock uncertainty           -0.035    15.452    
    SLICE_X2Y21          FDRE (Setup_fdre_C_D)        0.079    15.531    craft_state_register_inst/state_registers_reg[51]
  -------------------------------------------------------------------
                         required time                         15.531    
                         arrival time                          -7.020    
  -------------------------------------------------------------------
                         slack                                  8.512    

Slack (MET) :             8.523ns  (required time - arrival time)
  Source:                 craft_state_register_inst/state_registers_reg[16]/C
                            (rising edge-triggered cell FDRE clocked by sys_clk_pin  {rise@0.000ns fall@5.000ns period=10.000ns})
  Destination:            craft_state_register_inst/state_registers_reg[32]/D
                            (rising edge-triggered cell FDRE clocked by sys_clk_pin  {rise@0.000ns fall@5.000ns period=10.000ns})
  Path Group:             sys_clk_pin
  Path Type:              Setup (Max at Slow Process Corner)
  Requirement:            10.000ns  (sys_clk_pin rise@10.000ns - sys_clk_pin rise@0.000ns)
  Data Path Delay:        1.520ns  (logic 0.642ns (42.226%)  route 0.878ns (57.774%))
  Logic Levels:           1  (LUT4=1)
  Clock Path Skew:        0.000ns (DCD - SCD + CPR)
    Destination Clock Delay (DCD):    5.181ns = ( 15.181 - 10.000 ) 
    Source Clock Delay      (SCD):    5.488ns
    Clock Pessimism Removal (CPR):    0.306ns
  Clock Uncertainty:      0.035ns  ((TSJ^2 + TIJ^2)^1/2 + DJ) / 2 + PE
    Total System Jitter     (TSJ):    0.071ns
    Total Input Jitter      (TIJ):    0.000ns
    Discrete Jitter          (DJ):    0.000ns
    Phase Error              (PE):    0.000ns

    Location             Delay type                Incr(ns)  Path(ns)    Netlist Resource(s)
  -------------------------------------------------------------------    -------------------
                         (clock sys_clk_pin rise edge)
                                                      0.000     0.000 r  
    E3                                                0.000     0.000 r  CLK100MHZ (IN)
                         net (fo=0)                   0.000     0.000    CLK100MHZ
    E3                   IBUF (Prop_ibuf_I_O)         1.482     1.482 r  CLK100MHZ_IBUF_inst/O
                         net (fo=1, routed)           2.025     3.506    CLK100MHZ_IBUF
    BUFGCTRL_X0Y16       BUFG (Prop_bufg_I_O)         0.096     3.602 r  CLK100MHZ_IBUF_BUFG_inst/O
                         net (fo=144, routed)         1.885     5.488    craft_state_register_inst/clk
    SLICE_X6Y20          FDRE                                         r  craft_state_register_inst/state_registers_reg[16]/C
  -------------------------------------------------------------------    -------------------
    SLICE_X6Y20          FDRE (Prop_fdre_C_Q)         0.518     6.006 r  craft_state_register_inst/state_registers_reg[16]/Q
                         net (fo=1, routed)           0.878     6.884    craft_state_register_inst/state_registers[16]
    SLICE_X6Y20          LUT4 (Prop_lut4_I2_O)        0.124     7.008 r  craft_state_register_inst/state_registers[32]_i_1/O
                         net (fo=1, routed)           0.000     7.008    craft_state_register_inst/state_registers[32]_i_1_n_0
    SLICE_X6Y20          FDRE                                         r  craft_state_register_inst/state_registers_reg[32]/D
  -------------------------------------------------------------------    -------------------

                         (clock sys_clk_pin rise edge)
                                                     10.000    10.000 r  
    E3                                                0.000    10.000 r  CLK100MHZ (IN)
                         net (fo=0)                   0.000    10.000    CLK100MHZ
    E3                   IBUF (Prop_ibuf_I_O)         1.411    11.411 r  CLK100MHZ_IBUF_inst/O
                         net (fo=1, routed)           1.920    13.331    CLK100MHZ_IBUF
    BUFGCTRL_X0Y16       BUFG (Prop_bufg_I_O)         0.091    13.422 r  CLK100MHZ_IBUF_BUFG_inst/O
                         net (fo=144, routed)         1.759    15.181    craft_state_register_inst/clk
    SLICE_X6Y20          FDRE                                         r  craft_state_register_inst/state_registers_reg[32]/C
                         clock pessimism              0.306    15.488    
                         clock uncertainty           -0.035    15.452    
    SLICE_X6Y20          FDRE (Setup_fdre_C_D)        0.079    15.531    craft_state_register_inst/state_registers_reg[32]
  -------------------------------------------------------------------
                         required time                         15.531    
                         arrival time                          -7.008    
  -------------------------------------------------------------------
                         slack                                  8.523    

Slack (MET) :             8.608ns  (required time - arrival time)
  Source:                 craft_state_register_inst/state_registers_reg[18]/C
                            (rising edge-triggered cell FDRE clocked by sys_clk_pin  {rise@0.000ns fall@5.000ns period=10.000ns})
  Destination:            craft_state_register_inst/state_registers_reg[34]/D
                            (rising edge-triggered cell FDRE clocked by sys_clk_pin  {rise@0.000ns fall@5.000ns period=10.000ns})
  Path Group:             sys_clk_pin
  Path Type:              Setup (Max at Slow Process Corner)
  Requirement:            10.000ns  (sys_clk_pin rise@10.000ns - sys_clk_pin rise@0.000ns)
  Data Path Delay:        1.388ns  (logic 0.580ns (41.783%)  route 0.808ns (58.217%))
  Logic Levels:           1  (LUT4=1)
  Clock Path Skew:        0.000ns (DCD - SCD + CPR)
    Destination Clock Delay (DCD):    5.182ns = ( 15.182 - 10.000 ) 
    Source Clock Delay      (SCD):    5.490ns
    Clock Pessimism Removal (CPR):    0.307ns
  Clock Uncertainty:      0.035ns  ((TSJ^2 + TIJ^2)^1/2 + DJ) / 2 + PE
    Total System Jitter     (TSJ):    0.071ns
    Total Input Jitter      (TIJ):    0.000ns
    Discrete Jitter          (DJ):    0.000ns
    Phase Error              (PE):    0.000ns

    Location             Delay type                Incr(ns)  Path(ns)    Netlist Resource(s)
  -------------------------------------------------------------------    -------------------
                         (clock sys_clk_pin rise edge)
                                                      0.000     0.000 r  
    E3                                                0.000     0.000 r  CLK100MHZ (IN)
                         net (fo=0)                   0.000     0.000    CLK100MHZ
    E3                   IBUF (Prop_ibuf_I_O)         1.482     1.482 r  CLK100MHZ_IBUF_inst/O
                         net (fo=1, routed)           2.025     3.506    CLK100MHZ_IBUF
    BUFGCTRL_X0Y16       BUFG (Prop_bufg_I_O)         0.096     3.602 r  CLK100MHZ_IBUF_BUFG_inst/O
                         net (fo=144, routed)         1.887     5.490    craft_state_register_inst/clk
    SLICE_X0Y19          FDRE                                         r  craft_state_register_inst/state_registers_reg[18]/C
  -------------------------------------------------------------------    -------------------
    SLICE_X0Y19          FDRE (Prop_fdre_C_Q)         0.456     5.946 r  craft_state_register_inst/state_registers_reg[18]/Q
                         net (fo=1, routed)           0.808     6.754    craft_state_register_inst/state_registers[18]
    SLICE_X0Y19          LUT4 (Prop_lut4_I2_O)        0.124     6.878 r  craft_state_register_inst/state_registers[34]_i_1/O
                         net (fo=1, routed)           0.000     6.878    craft_state_register_inst/state_registers[34]_i_1_n_0
    SLICE_X0Y19          FDRE                                         r  craft_state_register_inst/state_registers_reg[34]/D
  -------------------------------------------------------------------    -------------------

                         (clock sys_clk_pin rise edge)
                                                     10.000    10.000 r  
    E3                                                0.000    10.000 r  CLK100MHZ (IN)
                         net (fo=0)                   0.000    10.000    CLK100MHZ
    E3                   IBUF (Prop_ibuf_I_O)         1.411    11.411 r  CLK100MHZ_IBUF_inst/O
                         net (fo=1, routed)           1.920    13.331    CLK100MHZ_IBUF
    BUFGCTRL_X0Y16       BUFG (Prop_bufg_I_O)         0.091    13.422 r  CLK100MHZ_IBUF_BUFG_inst/O
                         net (fo=144, routed)         1.760    15.182    craft_state_register_inst/clk
    SLICE_X0Y19          FDRE                                         r  craft_state_register_inst/state_registers_reg[34]/C
                         clock pessimism              0.307    15.490    
                         clock uncertainty           -0.035    15.454    
    SLICE_X0Y19          FDRE (Setup_fdre_C_D)        0.031    15.485    craft_state_register_inst/state_registers_reg[34]
  -------------------------------------------------------------------
                         required time                         15.485    
                         arrival time                          -6.878    
  -------------------------------------------------------------------
                         slack                                  8.608    

Slack (MET) :             8.746ns  (required time - arrival time)
  Source:                 craft_state_register_inst/state_registers_reg[2]/C
                            (rising edge-triggered cell FDRE clocked by sys_clk_pin  {rise@0.000ns fall@5.000ns period=10.000ns})
  Destination:            craft_state_register_inst/state_registers_reg[18]/D
                            (rising edge-triggered cell FDRE clocked by sys_clk_pin  {rise@0.000ns fall@5.000ns period=10.000ns})
  Path Group:             sys_clk_pin
  Path Type:              Setup (Max at Slow Process Corner)
  Requirement:            10.000ns  (sys_clk_pin rise@10.000ns - sys_clk_pin rise@0.000ns)
  Data Path Delay:        1.248ns  (logic 0.580ns (46.485%)  route 0.668ns (53.515%))
  Logic Levels:           1  (LUT5=1)
  Clock Path Skew:        0.000ns (DCD - SCD + CPR)
    Destination Clock Delay (DCD):    5.182ns = ( 15.182 - 10.000 ) 
    Source Clock Delay      (SCD):    5.490ns
    Clock Pessimism Removal (CPR):    0.307ns
  Clock Uncertainty:      0.035ns  ((TSJ^2 + TIJ^2)^1/2 + DJ) / 2 + PE
    Total System Jitter     (TSJ):    0.071ns
    Total Input Jitter      (TIJ):    0.000ns
    Discrete Jitter          (DJ):    0.000ns
    Phase Error              (PE):    0.000ns

    Location             Delay type                Incr(ns)  Path(ns)    Netlist Resource(s)
  -------------------------------------------------------------------    -------------------
                         (clock sys_clk_pin rise edge)
                                                      0.000     0.000 r  
    E3                                                0.000     0.000 r  CLK100MHZ (IN)
                         net (fo=0)                   0.000     0.000    CLK100MHZ
    E3                   IBUF (Prop_ibuf_I_O)         1.482     1.482 r  CLK100MHZ_IBUF_inst/O
                         net (fo=1, routed)           2.025     3.506    CLK100MHZ_IBUF
    BUFGCTRL_X0Y16       BUFG (Prop_bufg_I_O)         0.096     3.602 r  CLK100MHZ_IBUF_BUFG_inst/O
                         net (fo=144, routed)         1.887     5.490    craft_state_register_inst/clk
    SLICE_X0Y19          FDRE                                         r  craft_state_register_inst/state_registers_reg[2]/C
  -------------------------------------------------------------------    -------------------
    SLICE_X0Y19          FDRE (Prop_fdre_C_Q)         0.456     5.946 r  craft_state_register_inst/state_registers_reg[2]/Q
                         net (fo=2, routed)           0.668     6.613    craft_state_register_inst/state_registers[2]
    SLICE_X0Y19          LUT5 (Prop_lut5_I3_O)        0.124     6.737 r  craft_state_register_inst/state_registers[18]_i_1/O
                         net (fo=1, routed)           0.000     6.737    craft_state_register_inst/state_registers[18]_i_1_n_0
    SLICE_X0Y19          FDRE                                         r  craft_state_register_inst/state_registers_reg[18]/D
  -------------------------------------------------------------------    -------------------

                         (clock sys_clk_pin rise edge)
                                                     10.000    10.000 r  
    E3                                                0.000    10.000 r  CLK100MHZ (IN)
                         net (fo=0)                   0.000    10.000    CLK100MHZ
    E3                   IBUF (Prop_ibuf_I_O)         1.411    11.411 r  CLK100MHZ_IBUF_inst/O
                         net (fo=1, routed)           1.920    13.331    CLK100MHZ_IBUF
    BUFGCTRL_X0Y16       BUFG (Prop_bufg_I_O)         0.091    13.422 r  CLK100MHZ_IBUF_BUFG_inst/O
                         net (fo=144, routed)         1.760    15.182    craft_state_register_inst/clk
    SLICE_X0Y19          FDRE                                         r  craft_state_register_inst/state_registers_reg[18]/C
                         clock pessimism              0.307    15.490    
                         clock uncertainty           -0.035    15.454    
    SLICE_X0Y19          FDRE (Setup_fdre_C_D)        0.029    15.483    craft_state_register_inst/state_registers_reg[18]
  -------------------------------------------------------------------
                         required time                         15.483    
                         arrival time                          -6.737    
  -------------------------------------------------------------------
                         slack                                  8.746    

Slack (MET) :             8.746ns  (required time - arrival time)
  Source:                 craft_state_register_inst/state_registers_reg[3]/C
                            (rising edge-triggered cell FDRE clocked by sys_clk_pin  {rise@0.000ns fall@5.000ns period=10.000ns})
  Destination:            craft_state_register_inst/state_registers_reg[19]/D
                            (rising edge-triggered cell FDRE clocked by sys_clk_pin  {rise@0.000ns fall@5.000ns period=10.000ns})
  Path Group:             sys_clk_pin
  Path Type:              Setup (Max at Slow Process Corner)
  Requirement:            10.000ns  (sys_clk_pin rise@10.000ns - sys_clk_pin rise@0.000ns)
  Data Path Delay:        1.296ns  (logic 0.642ns (49.556%)  route 0.654ns (50.444%))
  Logic Levels:           1  (LUT5=1)
  Clock Path Skew:        0.000ns (DCD - SCD + CPR)
    Destination Clock Delay (DCD):    5.181ns = ( 15.181 - 10.000 ) 
    Source Clock Delay      (SCD):    5.488ns
    Clock Pessimism Removal (CPR):    0.306ns
  Clock Uncertainty:      0.035ns  ((TSJ^2 + TIJ^2)^1/2 + DJ) / 2 + PE
    Total System Jitter     (TSJ):    0.071ns
    Total Input Jitter      (TIJ):    0.000ns
    Discrete Jitter          (DJ):    0.000ns
    Phase Error              (PE):    0.000ns

    Location             Delay type                Incr(ns)  Path(ns)    Netlist Resource(s)
  -------------------------------------------------------------------    -------------------
                         (clock sys_clk_pin rise edge)
                                                      0.000     0.000 r  
    E3                                                0.000     0.000 r  CLK100MHZ (IN)
                         net (fo=0)                   0.000     0.000    CLK100MHZ
    E3                   IBUF (Prop_ibuf_I_O)         1.482     1.482 r  CLK100MHZ_IBUF_inst/O
                         net (fo=1, routed)           2.025     3.506    CLK100MHZ_IBUF
    BUFGCTRL_X0Y16       BUFG (Prop_bufg_I_O)         0.096     3.602 r  CLK100MHZ_IBUF_BUFG_inst/O
                         net (fo=144, routed)         1.885     5.488    craft_state_register_inst/clk
    SLICE_X2Y21          FDRE                                         r  craft_state_register_inst/state_registers_reg[3]/C
  -------------------------------------------------------------------    -------------------
    SLICE_X2Y21          FDRE (Prop_fdre_C_Q)         0.518     6.006 r  craft_state_register_inst/state_registers_reg[3]/Q
                         net (fo=2, routed)           0.654     6.659    craft_state_register_inst/state_registers[3]
    SLICE_X2Y21          LUT5 (Prop_lut5_I3_O)        0.124     6.783 r  craft_state_register_inst/state_registers[19]_i_1/O
                         net (fo=1, routed)           0.000     6.783    craft_state_register_inst/state_registers[19]_i_1_n_0
    SLICE_X2Y21          FDRE                                         r  craft_state_register_inst/state_registers_reg[19]/D
  -------------------------------------------------------------------    -------------------

                         (clock sys_clk_pin rise edge)
                                                     10.000    10.000 r  
    E3                                                0.000    10.000 r  CLK100MHZ (IN)
                         net (fo=0)                   0.000    10.000    CLK100MHZ
    E3                   IBUF (Prop_ibuf_I_O)         1.411    11.411 r  CLK100MHZ_IBUF_inst/O
                         net (fo=1, routed)           1.920    13.331    CLK100MHZ_IBUF
    BUFGCTRL_X0Y16       BUFG (Prop_bufg_I_O)         0.091    13.422 r  CLK100MHZ_IBUF_BUFG_inst/O
                         net (fo=144, routed)         1.759    15.181    craft_state_register_inst/clk
    SLICE_X2Y21          FDRE                                         r  craft_state_register_inst/state_registers_reg[19]/C
                         clock pessimism              0.306    15.488    
                         clock uncertainty           -0.035    15.452    
    SLICE_X2Y21          FDRE (Setup_fdre_C_D)        0.077    15.529    craft_state_register_inst/state_registers_reg[19]
  -------------------------------------------------------------------
                         required time                         15.529    
                         arrival time                          -6.783    
  -------------------------------------------------------------------
                         slack                                  8.746    

Slack (MET) :             8.752ns  (required time - arrival time)
  Source:                 craft_state_register_inst/state_registers_reg[32]/C
                            (rising edge-triggered cell FDRE clocked by sys_clk_pin  {rise@0.000ns fall@5.000ns period=10.000ns})
  Destination:            craft_state_register_inst/state_registers_reg[48]/D
                            (rising edge-triggered cell FDRE clocked by sys_clk_pin  {rise@0.000ns fall@5.000ns period=10.000ns})
  Path Group:             sys_clk_pin
  Path Type:              Setup (Max at Slow Process Corner)
  Requirement:            10.000ns  (sys_clk_pin rise@10.000ns - sys_clk_pin rise@0.000ns)
  Data Path Delay:        1.292ns  (logic 0.642ns (49.704%)  route 0.650ns (50.296%))
  Logic Levels:           1  (LUT5=1)
  Clock Path Skew:        0.000ns (DCD - SCD + CPR)
    Destination Clock Delay (DCD):    5.181ns = ( 15.181 - 10.000 ) 
    Source Clock Delay      (SCD):    5.488ns
    Clock Pessimism Removal (CPR):    0.306ns
  Clock Uncertainty:      0.035ns  ((TSJ^2 + TIJ^2)^1/2 + DJ) / 2 + PE
    Total System Jitter     (TSJ):    0.071ns
    Total Input Jitter      (TIJ):    0.000ns
    Discrete Jitter          (DJ):    0.000ns
    Phase Error              (PE):    0.000ns

    Location             Delay type                Incr(ns)  Path(ns)    Netlist Resource(s)
  -------------------------------------------------------------------    -------------------
                         (clock sys_clk_pin rise edge)
                                                      0.000     0.000 r  
    E3                                                0.000     0.000 r  CLK100MHZ (IN)
                         net (fo=0)                   0.000     0.000    CLK100MHZ
    E3                   IBUF (Prop_ibuf_I_O)         1.482     1.482 r  CLK100MHZ_IBUF_inst/O
                         net (fo=1, routed)           2.025     3.506    CLK100MHZ_IBUF
    BUFGCTRL_X0Y16       BUFG (Prop_bufg_I_O)         0.096     3.602 r  CLK100MHZ_IBUF_BUFG_inst/O
                         net (fo=144, routed)         1.885     5.488    craft_state_register_inst/clk
    SLICE_X6Y20          FDRE                                         r  craft_state_register_inst/state_registers_reg[32]/C
  -------------------------------------------------------------------    -------------------
    SLICE_X6Y20          FDRE (Prop_fdre_C_Q)         0.518     6.006 r  craft_state_register_inst/state_registers_reg[32]/Q
                         net (fo=2, routed)           0.650     6.655    craft_state_register_inst/state_registers[32]
    SLICE_X6Y20          LUT5 (Prop_lut5_I3_O)        0.124     6.779 r  craft_state_register_inst/state_registers[48]_i_1/O
                         net (fo=1, routed)           0.000     6.779    craft_state_register_inst/state_registers[48]_i_1_n_0
    SLICE_X6Y20          FDRE                                         r  craft_state_register_inst/state_registers_reg[48]/D
  -------------------------------------------------------------------    -------------------

                         (clock sys_clk_pin rise edge)
                                                     10.000    10.000 r  
    E3                                                0.000    10.000 r  CLK100MHZ (IN)
                         net (fo=0)                   0.000    10.000    CLK100MHZ
    E3                   IBUF (Prop_ibuf_I_O)         1.411    11.411 r  CLK100MHZ_IBUF_inst/O
                         net (fo=1, routed)           1.920    13.331    CLK100MHZ_IBUF
    BUFGCTRL_X0Y16       BUFG (Prop_bufg_I_O)         0.091    13.422 r  CLK100MHZ_IBUF_BUFG_inst/O
                         net (fo=144, routed)         1.759    15.181    craft_state_register_inst/clk
    SLICE_X6Y20          FDRE                                         r  craft_state_register_inst/state_registers_reg[48]/C
                         clock pessimism              0.306    15.488    
                         clock uncertainty           -0.035    15.452    
    SLICE_X6Y20          FDRE (Setup_fdre_C_D)        0.079    15.531    craft_state_register_inst/state_registers_reg[48]
  -------------------------------------------------------------------
                         required time                         15.531    
                         arrival time                          -6.779    
  -------------------------------------------------------------------
                         slack                                  8.752    

Slack (MET) :             8.760ns  (required time - arrival time)
  Source:                 craft_mix_columns_inst/r2_reg[1]/C
                            (rising edge-triggered cell FDRE clocked by sys_clk_pin  {rise@0.000ns fall@5.000ns period=10.000ns})
  Destination:            craft_mix_columns_inst/r3_reg[1]/D
                            (rising edge-triggered cell FDRE clocked by sys_clk_pin  {rise@0.000ns fall@5.000ns period=10.000ns})
  Path Group:             sys_clk_pin
  Path Type:              Setup (Max at Slow Process Corner)
  Requirement:            10.000ns  (sys_clk_pin rise@10.000ns - sys_clk_pin rise@0.000ns)
  Data Path Delay:        1.323ns  (logic 0.670ns (50.639%)  route 0.653ns (49.361%))
  Logic Levels:           1  (LUT5=1)
  Clock Path Skew:        0.000ns (DCD - SCD + CPR)
    Destination Clock Delay (DCD):    4.918ns = ( 14.918 - 10.000 ) 
    Source Clock Delay      (SCD):    5.219ns
    Clock Pessimism Removal (CPR):    0.301ns
  Clock Uncertainty:      0.035ns  ((TSJ^2 + TIJ^2)^1/2 + DJ) / 2 + PE
    Total System Jitter     (TSJ):    0.071ns
    Total Input Jitter      (TIJ):    0.000ns
    Discrete Jitter          (DJ):    0.000ns
    Phase Error              (PE):    0.000ns

    Location             Delay type                Incr(ns)  Path(ns)    Netlist Resource(s)
  -------------------------------------------------------------------    -------------------
                         (clock sys_clk_pin rise edge)
                                                      0.000     0.000 r  
    E3                                                0.000     0.000 r  CLK100MHZ (IN)
                         net (fo=0)                   0.000     0.000    CLK100MHZ
    E3                   IBUF (Prop_ibuf_I_O)         1.482     1.482 r  CLK100MHZ_IBUF_inst/O
                         net (fo=1, routed)           2.025     3.506    CLK100MHZ_IBUF
    BUFGCTRL_X0Y16       BUFG (Prop_bufg_I_O)         0.096     3.602 r  CLK100MHZ_IBUF_BUFG_inst/O
                         net (fo=144, routed)         1.617     5.219    craft_mix_columns_inst/clk
    SLICE_X50Y100        FDRE                                         r  craft_mix_columns_inst/r2_reg[1]/C
  -------------------------------------------------------------------    -------------------
    SLICE_X50Y100        FDRE (Prop_fdre_C_Q)         0.518     5.737 r  craft_mix_columns_inst/r2_reg[1]/Q
                         net (fo=2, routed)           0.653     6.390    craft_mix_columns_inst/r2[1]
    SLICE_X50Y100        LUT5 (Prop_lut5_I0_O)        0.152     6.542 r  craft_mix_columns_inst/r3[1]_i_1/O
                         net (fo=1, routed)           0.000     6.542    craft_mix_columns_inst/t2[1]
    SLICE_X50Y100        FDRE                                         r  craft_mix_columns_inst/r3_reg[1]/D
  -------------------------------------------------------------------    -------------------

                         (clock sys_clk_pin rise edge)
                                                     10.000    10.000 r  
    E3                                                0.000    10.000 r  CLK100MHZ (IN)
                         net (fo=0)                   0.000    10.000    CLK100MHZ
    E3                   IBUF (Prop_ibuf_I_O)         1.411    11.411 r  CLK100MHZ_IBUF_inst/O
                         net (fo=1, routed)           1.920    13.331    CLK100MHZ_IBUF
    BUFGCTRL_X0Y16       BUFG (Prop_bufg_I_O)         0.091    13.422 r  CLK100MHZ_IBUF_BUFG_inst/O
                         net (fo=144, routed)         1.496    14.918    craft_mix_columns_inst/clk
    SLICE_X50Y100        FDRE                                         r  craft_mix_columns_inst/r3_reg[1]/C
                         clock pessimism              0.301    15.219    
                         clock uncertainty           -0.035    15.184    
    SLICE_X50Y100        FDRE (Setup_fdre_C_D)        0.118    15.302    craft_mix_columns_inst/r3_reg[1]
  -------------------------------------------------------------------
                         required time                         15.302    
                         arrival time                          -6.542    
  -------------------------------------------------------------------
                         slack                                  8.760    

Slack (MET) :             8.763ns  (required time - arrival time)
  Source:                 craft_state_register_inst/state_registers_reg[1]/C
                            (rising edge-triggered cell FDRE clocked by sys_clk_pin  {rise@0.000ns fall@5.000ns period=10.000ns})
  Destination:            craft_state_register_inst/state_registers_reg[17]/D
                            (rising edge-triggered cell FDRE clocked by sys_clk_pin  {rise@0.000ns fall@5.000ns period=10.000ns})
  Path Group:             sys_clk_pin
  Path Type:              Setup (Max at Slow Process Corner)
  Requirement:            10.000ns  (sys_clk_pin rise@10.000ns - sys_clk_pin rise@0.000ns)
  Data Path Delay:        1.231ns  (logic 0.580ns (47.111%)  route 0.651ns (52.889%))
  Logic Levels:           1  (LUT5=1)
  Clock Path Skew:        0.000ns (DCD - SCD + CPR)
    Destination Clock Delay (DCD):    5.179ns = ( 15.179 - 10.000 ) 
    Source Clock Delay      (SCD):    5.485ns
    Clock Pessimism Removal (CPR):    0.305ns
  Clock Uncertainty:      0.035ns  ((TSJ^2 + TIJ^2)^1/2 + DJ) / 2 + PE
    Total System Jitter     (TSJ):    0.071ns
    Total Input Jitter      (TIJ):    0.000ns
    Discrete Jitter          (DJ):    0.000ns
    Phase Error              (PE):    0.000ns

    Location             Delay type                Incr(ns)  Path(ns)    Netlist Resource(s)
  -------------------------------------------------------------------    -------------------
                         (clock sys_clk_pin rise edge)
                                                      0.000     0.000 r  
    E3                                                0.000     0.000 r  CLK100MHZ (IN)
                         net (fo=0)                   0.000     0.000    CLK100MHZ
    E3                   IBUF (Prop_ibuf_I_O)         1.482     1.482 r  CLK100MHZ_IBUF_inst/O
                         net (fo=1, routed)           2.025     3.506    CLK100MHZ_IBUF
    BUFGCTRL_X0Y16       BUFG (Prop_bufg_I_O)         0.096     3.602 r  CLK100MHZ_IBUF_BUFG_inst/O
                         net (fo=144, routed)         1.882     5.485    craft_state_register_inst/clk
    SLICE_X3Y22          FDRE                                         r  craft_state_register_inst/state_registers_reg[1]/C
  -------------------------------------------------------------------    -------------------
    SLICE_X3Y22          FDRE (Prop_fdre_C_Q)         0.456     5.941 r  craft_state_register_inst/state_registers_reg[1]/Q
                         net (fo=2, routed)           0.651     6.592    craft_state_register_inst/state_registers[1]
    SLICE_X3Y22          LUT5 (Prop_lut5_I3_O)        0.124     6.716 r  craft_state_register_inst/state_registers[17]_i_1/O
                         net (fo=1, routed)           0.000     6.716    craft_state_register_inst/state_registers[17]_i_1_n_0
    SLICE_X3Y22          FDRE                                         r  craft_state_register_inst/state_registers_reg[17]/D
  -------------------------------------------------------------------    -------------------

                         (clock sys_clk_pin rise edge)
                                                     10.000    10.000 r  
    E3                                                0.000    10.000 r  CLK100MHZ (IN)
                         net (fo=0)                   0.000    10.000    CLK100MHZ
    E3                   IBUF (Prop_ibuf_I_O)         1.411    11.411 r  CLK100MHZ_IBUF_inst/O
                         net (fo=1, routed)           1.920    13.331    CLK100MHZ_IBUF
    BUFGCTRL_X0Y16       BUFG (Prop_bufg_I_O)         0.091    13.422 r  CLK100MHZ_IBUF_BUFG_inst/O
                         net (fo=144, routed)         1.757    15.179    craft_state_register_inst/clk
    SLICE_X3Y22          FDRE                                         r  craft_state_register_inst/state_registers_reg[17]/C
                         clock pessimism              0.305    15.485    
                         clock uncertainty           -0.035    15.449    
    SLICE_X3Y22          FDRE (Setup_fdre_C_D)        0.029    15.478    craft_state_register_inst/state_registers_reg[17]
  -------------------------------------------------------------------
                         required time                         15.478    
                         arrival time                          -6.716    
  -------------------------------------------------------------------
                         slack                                  8.763    





Min Delay Paths
--------------------------------------------------------------------------------------
Slack (MET) :             0.190ns  (arrival time - required time)
  Source:                 craft_mix_columns_inst/r0_reg[1]/C
                            (rising edge-triggered cell FDRE clocked by sys_clk_pin  {rise@0.000ns fall@5.000ns period=10.000ns})
  Destination:            craft_mix_columns_inst/r1_reg[1]/D
                            (rising edge-triggered cell FDRE clocked by sys_clk_pin  {rise@0.000ns fall@5.000ns period=10.000ns})
  Path Group:             sys_clk_pin
  Path Type:              Hold (Min at Fast Process Corner)
  Requirement:            0.000ns  (sys_clk_pin rise@0.000ns - sys_clk_pin rise@0.000ns)
  Data Path Delay:        0.262ns  (logic 0.141ns (53.794%)  route 0.121ns (46.206%))
  Logic Levels:           0  
  Clock Path Skew:        0.000ns (DCD - SCD - CPR)
    Destination Clock Delay (DCD):    1.995ns
    Source Clock Delay      (SCD):    1.479ns
    Clock Pessimism Removal (CPR):    0.515ns

    Location             Delay type                Incr(ns)  Path(ns)    Netlist Resource(s)
  -------------------------------------------------------------------    -------------------
                         (clock sys_clk_pin rise edge)
                                                      0.000     0.000 r  
    E3                                                0.000     0.000 r  CLK100MHZ (IN)
                         net (fo=0)                   0.000     0.000    CLK100MHZ
    E3                   IBUF (Prop_ibuf_I_O)         0.250     0.250 r  CLK100MHZ_IBUF_inst/O
                         net (fo=1, routed)           0.644     0.894    CLK100MHZ_IBUF
    BUFGCTRL_X0Y16       BUFG (Prop_bufg_I_O)         0.026     0.920 r  CLK100MHZ_IBUF_BUFG_inst/O
                         net (fo=144, routed)         0.560     1.479    craft_mix_columns_inst/clk
    SLICE_X51Y100        FDRE                                         r  craft_mix_columns_inst/r0_reg[1]/C
  -------------------------------------------------------------------    -------------------
    SLICE_X51Y100        FDRE (Prop_fdre_C_Q)         0.141     1.620 r  craft_mix_columns_inst/r0_reg[1]/Q
                         net (fo=3, routed)           0.121     1.742    craft_mix_columns_inst/r0[1]
    SLICE_X51Y100        FDRE                                         r  craft_mix_columns_inst/r1_reg[1]/D
  -------------------------------------------------------------------    -------------------

                         (clock sys_clk_pin rise edge)
                                                      0.000     0.000 r  
    E3                                                0.000     0.000 r  CLK100MHZ (IN)
                         net (fo=0)                   0.000     0.000    CLK100MHZ
    E3                   IBUF (Prop_ibuf_I_O)         0.438     0.438 r  CLK100MHZ_IBUF_inst/O
                         net (fo=1, routed)           0.699     1.136    CLK100MHZ_IBUF
    BUFGCTRL_X0Y16       BUFG (Prop_bufg_I_O)         0.029     1.165 r  CLK100MHZ_IBUF_BUFG_inst/O
                         net (fo=144, routed)         0.830     1.995    craft_mix_columns_inst/clk
    SLICE_X51Y100        FDRE                                         r  craft_mix_columns_inst/r1_reg[1]/C
                         clock pessimism             -0.515     1.479    
    SLICE_X51Y100        FDRE (Hold_fdre_C_D)         0.072     1.551    craft_mix_columns_inst/r1_reg[1]
  -------------------------------------------------------------------
                         required time                         -1.551    
                         arrival time                           1.742    
  -------------------------------------------------------------------
                         slack                                  0.190    

Slack (MET) :             0.190ns  (arrival time - required time)
  Source:                 craft_mix_columns_inst/r0_reg[3]/C
                            (rising edge-triggered cell FDRE clocked by sys_clk_pin  {rise@0.000ns fall@5.000ns period=10.000ns})
  Destination:            craft_mix_columns_inst/r1_reg[3]/D
                            (rising edge-triggered cell FDRE clocked by sys_clk_pin  {rise@0.000ns fall@5.000ns period=10.000ns})
  Path Group:             sys_clk_pin
  Path Type:              Hold (Min at Fast Process Corner)
  Requirement:            0.000ns  (sys_clk_pin rise@0.000ns - sys_clk_pin rise@0.000ns)
  Data Path Delay:        0.262ns  (logic 0.141ns (53.794%)  route 0.121ns (46.206%))
  Logic Levels:           0  
  Clock Path Skew:        0.000ns (DCD - SCD - CPR)
    Destination Clock Delay (DCD):    1.994ns
    Source Clock Delay      (SCD):    1.478ns
    Clock Pessimism Removal (CPR):    0.515ns

    Location             Delay type                Incr(ns)  Path(ns)    Netlist Resource(s)
  -------------------------------------------------------------------    -------------------
                         (clock sys_clk_pin rise edge)
                                                      0.000     0.000 r  
    E3                                                0.000     0.000 r  CLK100MHZ (IN)
                         net (fo=0)                   0.000     0.000    CLK100MHZ
    E3                   IBUF (Prop_ibuf_I_O)         0.250     0.250 r  CLK100MHZ_IBUF_inst/O
                         net (fo=1, routed)           0.644     0.894    CLK100MHZ_IBUF
    BUFGCTRL_X0Y16       BUFG (Prop_bufg_I_O)         0.026     0.920 r  CLK100MHZ_IBUF_BUFG_inst/O
                         net (fo=144, routed)         0.559     1.478    craft_mix_columns_inst/clk
    SLICE_X53Y100        FDRE                                         r  craft_mix_columns_inst/r0_reg[3]/C
  -------------------------------------------------------------------    -------------------
    SLICE_X53Y100        FDRE (Prop_fdre_C_Q)         0.141     1.619 r  craft_mix_columns_inst/r0_reg[3]/Q
                         net (fo=3, routed)           0.121     1.741    craft_mix_columns_inst/r0[3]
    SLICE_X53Y100        FDRE                                         r  craft_mix_columns_inst/r1_reg[3]/D
  -------------------------------------------------------------------    -------------------

                         (clock sys_clk_pin rise edge)
                                                      0.000     0.000 r  
    E3                                                0.000     0.000 r  CLK100MHZ (IN)
                         net (fo=0)                   0.000     0.000    CLK100MHZ
    E3                   IBUF (Prop_ibuf_I_O)         0.438     0.438 r  CLK100MHZ_IBUF_inst/O
                         net (fo=1, routed)           0.699     1.136    CLK100MHZ_IBUF
    BUFGCTRL_X0Y16       BUFG (Prop_bufg_I_O)         0.029     1.165 r  CLK100MHZ_IBUF_BUFG_inst/O
                         net (fo=144, routed)         0.828     1.994    craft_mix_columns_inst/clk
    SLICE_X53Y100        FDRE                                         r  craft_mix_columns_inst/r1_reg[3]/C
                         clock pessimism             -0.515     1.478    
    SLICE_X53Y100        FDRE (Hold_fdre_C_D)         0.072     1.550    craft_mix_columns_inst/r1_reg[3]
  -------------------------------------------------------------------
                         required time                         -1.550    
                         arrival time                           1.741    
  -------------------------------------------------------------------
                         slack                                  0.190    

Slack (MET) :             0.230ns  (arrival time - required time)
  Source:                 craft_state_register_inst/state_registers_reg[17]/C
                            (rising edge-triggered cell FDRE clocked by sys_clk_pin  {rise@0.000ns fall@5.000ns period=10.000ns})
  Destination:            craft_state_register_inst/state_registers_reg[33]/D
                            (rising edge-triggered cell FDRE clocked by sys_clk_pin  {rise@0.000ns fall@5.000ns period=10.000ns})
  Path Group:             sys_clk_pin
  Path Type:              Hold (Min at Fast Process Corner)
  Requirement:            0.000ns  (sys_clk_pin rise@0.000ns - sys_clk_pin rise@0.000ns)
  Data Path Delay:        0.322ns  (logic 0.186ns (57.733%)  route 0.136ns (42.267%))
  Logic Levels:           1  (LUT4=1)
  Clock Path Skew:        0.000ns (DCD - SCD - CPR)
    Destination Clock Delay (DCD):    2.099ns
    Source Clock Delay      (SCD):    1.580ns
    Clock Pessimism Removal (CPR):    0.519ns

    Location             Delay type                Incr(ns)  Path(ns)    Netlist Resource(s)
  -------------------------------------------------------------------    -------------------
                         (clock sys_clk_pin rise edge)
                                                      0.000     0.000 r  
    E3                                                0.000     0.000 r  CLK100MHZ (IN)
                         net (fo=0)                   0.000     0.000    CLK100MHZ
    E3                   IBUF (Prop_ibuf_I_O)         0.250     0.250 r  CLK100MHZ_IBUF_inst/O
                         net (fo=1, routed)           0.644     0.894    CLK100MHZ_IBUF
    BUFGCTRL_X0Y16       BUFG (Prop_bufg_I_O)         0.026     0.920 r  CLK100MHZ_IBUF_BUFG_inst/O
                         net (fo=144, routed)         0.660     1.580    craft_state_register_inst/clk
    SLICE_X3Y22          FDRE                                         r  craft_state_register_inst/state_registers_reg[17]/C
  -------------------------------------------------------------------    -------------------
    SLICE_X3Y22          FDRE (Prop_fdre_C_Q)         0.141     1.721 r  craft_state_register_inst/state_registers_reg[17]/Q
                         net (fo=1, routed)           0.136     1.857    craft_state_register_inst/state_registers[17]
    SLICE_X3Y22          LUT4 (Prop_lut4_I2_O)        0.045     1.902 r  craft_state_register_inst/state_registers[33]_i_1/O
                         net (fo=1, routed)           0.000     1.902    craft_state_register_inst/state_registers[33]_i_1_n_0
    SLICE_X3Y22          FDRE                                         r  craft_state_register_inst/state_registers_reg[33]/D
  -------------------------------------------------------------------    -------------------

                         (clock sys_clk_pin rise edge)
                                                      0.000     0.000 r  
    E3                                                0.000     0.000 r  CLK100MHZ (IN)
                         net (fo=0)                   0.000     0.000    CLK100MHZ
    E3                   IBUF (Prop_ibuf_I_O)         0.438     0.438 r  CLK100MHZ_IBUF_inst/O
                         net (fo=1, routed)           0.699     1.136    CLK100MHZ_IBUF
    BUFGCTRL_X0Y16       BUFG (Prop_bufg_I_O)         0.029     1.165 r  CLK100MHZ_IBUF_BUFG_inst/O
                         net (fo=144, routed)         0.934     2.099    craft_state_register_inst/clk
    SLICE_X3Y22          FDRE                                         r  craft_state_register_inst/state_registers_reg[33]/C
                         clock pessimism             -0.519     1.580    
    SLICE_X3Y22          FDRE (Hold_fdre_C_D)         0.092     1.672    craft_state_register_inst/state_registers_reg[33]
  -------------------------------------------------------------------
                         required time                         -1.672    
                         arrival time                           1.902    
  -------------------------------------------------------------------
                         slack                                  0.230    

Slack (MET) :             0.248ns  (arrival time - required time)
  Source:                 craft_state_register_inst/state_registers_reg[33]/C
                            (rising edge-triggered cell FDRE clocked by sys_clk_pin  {rise@0.000ns fall@5.000ns period=10.000ns})
  Destination:            craft_state_register_inst/state_registers_reg[49]/D
                            (rising edge-triggered cell FDRE clocked by sys_clk_pin  {rise@0.000ns fall@5.000ns period=10.000ns})
  Path Group:             sys_clk_pin
  Path Type:              Hold (Min at Fast Process Corner)
  Requirement:            0.000ns  (sys_clk_pin rise@0.000ns - sys_clk_pin rise@0.000ns)
  Data Path Delay:        0.340ns  (logic 0.186ns (54.728%)  route 0.154ns (45.272%))
  Logic Levels:           1  (LUT5=1)
  Clock Path Skew:        0.000ns (DCD - SCD - CPR)
    Destination Clock Delay (DCD):    2.099ns
    Source Clock Delay      (SCD):    1.580ns
    Clock Pessimism Removal (CPR):    0.519ns

    Location             Delay type                Incr(ns)  Path(ns)    Netlist Resource(s)
  -------------------------------------------------------------------    -------------------
                         (clock sys_clk_pin rise edge)
                                                      0.000     0.000 r  
    E3                                                0.000     0.000 r  CLK100MHZ (IN)
                         net (fo=0)                   0.000     0.000    CLK100MHZ
    E3                   IBUF (Prop_ibuf_I_O)         0.250     0.250 r  CLK100MHZ_IBUF_inst/O
                         net (fo=1, routed)           0.644     0.894    CLK100MHZ_IBUF
    BUFGCTRL_X0Y16       BUFG (Prop_bufg_I_O)         0.026     0.920 r  CLK100MHZ_IBUF_BUFG_inst/O
                         net (fo=144, routed)         0.660     1.580    craft_state_register_inst/clk
    SLICE_X3Y22          FDRE                                         r  craft_state_register_inst/state_registers_reg[33]/C
  -------------------------------------------------------------------    -------------------
    SLICE_X3Y22          FDRE (Prop_fdre_C_Q)         0.141     1.721 r  craft_state_register_inst/state_registers_reg[33]/Q
                         net (fo=2, routed)           0.154     1.875    craft_state_register_inst/state_registers[33]
    SLICE_X3Y22          LUT5 (Prop_lut5_I3_O)        0.045     1.920 r  craft_state_register_inst/state_registers[49]_i_1/O
                         net (fo=1, routed)           0.000     1.920    craft_state_register_inst/state_registers[49]_i_1_n_0
    SLICE_X3Y22          FDRE                                         r  craft_state_register_inst/state_registers_reg[49]/D
  -------------------------------------------------------------------    -------------------

                         (clock sys_clk_pin rise edge)
                                                      0.000     0.000 r  
    E3                                                0.000     0.000 r  CLK100MHZ (IN)
                         net (fo=0)                   0.000     0.000    CLK100MHZ
    E3                   IBUF (Prop_ibuf_I_O)         0.438     0.438 r  CLK100MHZ_IBUF_inst/O
                         net (fo=1, routed)           0.699     1.136    CLK100MHZ_IBUF
    BUFGCTRL_X0Y16       BUFG (Prop_bufg_I_O)         0.029     1.165 r  CLK100MHZ_IBUF_BUFG_inst/O
                         net (fo=144, routed)         0.934     2.099    craft_state_register_inst/clk
    SLICE_X3Y22          FDRE                                         r  craft_state_register_inst/state_registers_reg[49]/C
                         clock pessimism             -0.519     1.580    
    SLICE_X3Y22          FDRE (Hold_fdre_C_D)         0.092     1.672    craft_state_register_inst/state_registers_reg[49]
  -------------------------------------------------------------------
                         required time                         -1.672    
                         arrival time                           1.920    
  -------------------------------------------------------------------
                         slack                                  0.248    

Slack (MET) :             0.250ns  (arrival time - required time)
  Source:                 craft_mix_columns_inst/r0_reg[2]/C
                            (rising edge-triggered cell FDRE clocked by sys_clk_pin  {rise@0.000ns fall@5.000ns period=10.000ns})
  Destination:            craft_mix_columns_inst/r1_reg[2]/D
                            (rising edge-triggered cell FDRE clocked by sys_clk_pin  {rise@0.000ns fall@5.000ns period=10.000ns})
  Path Group:             sys_clk_pin
  Path Type:              Hold (Min at Fast Process Corner)
  Requirement:            0.000ns  (sys_clk_pin rise@0.000ns - sys_clk_pin rise@0.000ns)
  Data Path Delay:        0.320ns  (logic 0.141ns (44.043%)  route 0.179ns (55.957%))
  Logic Levels:           0  
  Clock Path Skew:        0.000ns (DCD - SCD - CPR)
    Destination Clock Delay (DCD):    1.994ns
    Source Clock Delay      (SCD):    1.478ns
    Clock Pessimism Removal (CPR):    0.515ns

    Location             Delay type                Incr(ns)  Path(ns)    Netlist Resource(s)
  -------------------------------------------------------------------    -------------------
                         (clock sys_clk_pin rise edge)
                                                      0.000     0.000 r  
    E3                                                0.000     0.000 r  CLK100MHZ (IN)
                         net (fo=0)                   0.000     0.000    CLK100MHZ
    E3                   IBUF (Prop_ibuf_I_O)         0.250     0.250 r  CLK100MHZ_IBUF_inst/O
                         net (fo=1, routed)           0.644     0.894    CLK100MHZ_IBUF
    BUFGCTRL_X0Y16       BUFG (Prop_bufg_I_O)         0.026     0.920 r  CLK100MHZ_IBUF_BUFG_inst/O
                         net (fo=144, routed)         0.559     1.478    craft_mix_columns_inst/clk
    SLICE_X53Y100        FDRE                                         r  craft_mix_columns_inst/r0_reg[2]/C
  -------------------------------------------------------------------    -------------------
    SLICE_X53Y100        FDRE (Prop_fdre_C_Q)         0.141     1.619 r  craft_mix_columns_inst/r0_reg[2]/Q
                         net (fo=3, routed)           0.179     1.799    craft_mix_columns_inst/r0[2]
    SLICE_X53Y100        FDRE                                         r  craft_mix_columns_inst/r1_reg[2]/D
  -------------------------------------------------------------------    -------------------

                         (clock sys_clk_pin rise edge)
                                                      0.000     0.000 r  
    E3                                                0.000     0.000 r  CLK100MHZ (IN)
                         net (fo=0)                   0.000     0.000    CLK100MHZ
    E3                   IBUF (Prop_ibuf_I_O)         0.438     0.438 r  CLK100MHZ_IBUF_inst/O
                         net (fo=1, routed)           0.699     1.136    CLK100MHZ_IBUF
    BUFGCTRL_X0Y16       BUFG (Prop_bufg_I_O)         0.029     1.165 r  CLK100MHZ_IBUF_BUFG_inst/O
                         net (fo=144, routed)         0.828     1.994    craft_mix_columns_inst/clk
    SLICE_X53Y100        FDRE                                         r  craft_mix_columns_inst/r1_reg[2]/C
                         clock pessimism             -0.515     1.478    
    SLICE_X53Y100        FDRE (Hold_fdre_C_D)         0.070     1.548    craft_mix_columns_inst/r1_reg[2]
  -------------------------------------------------------------------
                         required time                         -1.548    
                         arrival time                           1.799    
  -------------------------------------------------------------------
                         slack                                  0.250    

Slack (MET) :             0.253ns  (arrival time - required time)
  Source:                 craft_mix_columns_inst/r0_reg[0]/C
                            (rising edge-triggered cell FDRE clocked by sys_clk_pin  {rise@0.000ns fall@5.000ns period=10.000ns})
  Destination:            craft_mix_columns_inst/r1_reg[0]/D
                            (rising edge-triggered cell FDRE clocked by sys_clk_pin  {rise@0.000ns fall@5.000ns period=10.000ns})
  Path Group:             sys_clk_pin
  Path Type:              Hold (Min at Fast Process Corner)
  Requirement:            0.000ns  (sys_clk_pin rise@0.000ns - sys_clk_pin rise@0.000ns)
  Data Path Delay:        0.323ns  (logic 0.141ns (43.686%)  route 0.182ns (56.314%))
  Logic Levels:           0  
  Clock Path Skew:        0.000ns (DCD - SCD - CPR)
    Destination Clock Delay (DCD):    1.995ns
    Source Clock Delay      (SCD):    1.479ns
    Clock Pessimism Removal (CPR):    0.515ns

    Location             Delay type                Incr(ns)  Path(ns)    Netlist Resource(s)
  -------------------------------------------------------------------    -------------------
                         (clock sys_clk_pin rise edge)
                                                      0.000     0.000 r  
    E3                                                0.000     0.000 r  CLK100MHZ (IN)
                         net (fo=0)                   0.000     0.000    CLK100MHZ
    E3                   IBUF (Prop_ibuf_I_O)         0.250     0.250 r  CLK100MHZ_IBUF_inst/O
                         net (fo=1, routed)           0.644     0.894    CLK100MHZ_IBUF
    BUFGCTRL_X0Y16       BUFG (Prop_bufg_I_O)         0.026     0.920 r  CLK100MHZ_IBUF_BUFG_inst/O
                         net (fo=144, routed)         0.560     1.479    craft_mix_columns_inst/clk
    SLICE_X51Y100        FDRE                                         r  craft_mix_columns_inst/r0_reg[0]/C
  -------------------------------------------------------------------    -------------------
    SLICE_X51Y100        FDRE (Prop_fdre_C_Q)         0.141     1.620 r  craft_mix_columns_inst/r0_reg[0]/Q
                         net (fo=3, routed)           0.182     1.802    craft_mix_columns_inst/r0[0]
    SLICE_X51Y100        FDRE                                         r  craft_mix_columns_inst/r1_reg[0]/D
  -------------------------------------------------------------------    -------------------

                         (clock sys_clk_pin rise edge)
                                                      0.000     0.000 r  
    E3                                                0.000     0.000 r  CLK100MHZ (IN)
                         net (fo=0)                   0.000     0.000    CLK100MHZ
    E3                   IBUF (Prop_ibuf_I_O)         0.438     0.438 r  CLK100MHZ_IBUF_inst/O
                         net (fo=1, routed)           0.699     1.136    CLK100MHZ_IBUF
    BUFGCTRL_X0Y16       BUFG (Prop_bufg_I_O)         0.029     1.165 r  CLK100MHZ_IBUF_BUFG_inst/O
                         net (fo=144, routed)         0.830     1.995    craft_mix_columns_inst/clk
    SLICE_X51Y100        FDRE                                         r  craft_mix_columns_inst/r1_reg[0]/C
                         clock pessimism             -0.515     1.479    
    SLICE_X51Y100        FDRE (Hold_fdre_C_D)         0.070     1.549    craft_mix_columns_inst/r1_reg[0]
  -------------------------------------------------------------------
                         required time                         -1.549    
                         arrival time                           1.802    
  -------------------------------------------------------------------
                         slack                                  0.253    

Slack (MET) :             0.264ns  (arrival time - required time)
  Source:                 craft_state_register_inst/state_registers_reg[34]/C
                            (rising edge-triggered cell FDRE clocked by sys_clk_pin  {rise@0.000ns fall@5.000ns period=10.000ns})
  Destination:            craft_state_register_inst/state_registers_reg[50]/D
                            (rising edge-triggered cell FDRE clocked by sys_clk_pin  {rise@0.000ns fall@5.000ns period=10.000ns})
  Path Group:             sys_clk_pin
  Path Type:              Hold (Min at Fast Process Corner)
  Requirement:            0.000ns  (sys_clk_pin rise@0.000ns - sys_clk_pin rise@0.000ns)
  Data Path Delay:        0.356ns  (logic 0.186ns (52.302%)  route 0.170ns (47.698%))
  Logic Levels:           1  (LUT5=1)
  Clock Path Skew:        0.000ns (DCD - SCD - CPR)
    Destination Clock Delay (DCD):    2.102ns
    Source Clock Delay      (SCD):    1.582ns
    Clock Pessimism Removal (CPR):    0.520ns

    Location             Delay type                Incr(ns)  Path(ns)    Netlist Resource(s)
  -------------------------------------------------------------------    -------------------
                         (clock sys_clk_pin rise edge)
                                                      0.000     0.000 r  
    E3                                                0.000     0.000 r  CLK100MHZ (IN)
                         net (fo=0)                   0.000     0.000    CLK100MHZ
    E3                   IBUF (Prop_ibuf_I_O)         0.250     0.250 r  CLK100MHZ_IBUF_inst/O
                         net (fo=1, routed)           0.644     0.894    CLK100MHZ_IBUF
    BUFGCTRL_X0Y16       BUFG (Prop_bufg_I_O)         0.026     0.920 r  CLK100MHZ_IBUF_BUFG_inst/O
                         net (fo=144, routed)         0.662     1.582    craft_state_register_inst/clk
    SLICE_X0Y19          FDRE                                         r  craft_state_register_inst/state_registers_reg[34]/C
  -------------------------------------------------------------------    -------------------
    SLICE_X0Y19          FDRE (Prop_fdre_C_Q)         0.141     1.723 r  craft_state_register_inst/state_registers_reg[34]/Q
                         net (fo=2, routed)           0.170     1.893    craft_state_register_inst/state_registers[34]
    SLICE_X0Y19          LUT5 (Prop_lut5_I3_O)        0.045     1.938 r  craft_state_register_inst/state_registers[50]_i_1/O
                         net (fo=1, routed)           0.000     1.938    craft_state_register_inst/state_registers[50]_i_1_n_0
    SLICE_X0Y19          FDRE                                         r  craft_state_register_inst/state_registers_reg[50]/D
  -------------------------------------------------------------------    -------------------

                         (clock sys_clk_pin rise edge)
                                                      0.000     0.000 r  
    E3                                                0.000     0.000 r  CLK100MHZ (IN)
                         net (fo=0)                   0.000     0.000    CLK100MHZ
    E3                   IBUF (Prop_ibuf_I_O)         0.438     0.438 r  CLK100MHZ_IBUF_inst/O
                         net (fo=1, routed)           0.699     1.136    CLK100MHZ_IBUF
    BUFGCTRL_X0Y16       BUFG (Prop_bufg_I_O)         0.029     1.165 r  CLK100MHZ_IBUF_BUFG_inst/O
                         net (fo=144, routed)         0.937     2.102    craft_state_register_inst/clk
    SLICE_X0Y19          FDRE                                         r  craft_state_register_inst/state_registers_reg[50]/C
                         clock pessimism             -0.520     1.582    
    SLICE_X0Y19          FDRE (Hold_fdre_C_D)         0.092     1.674    craft_state_register_inst/state_registers_reg[50]
  -------------------------------------------------------------------
                         required time                         -1.674    
                         arrival time                           1.938    
  -------------------------------------------------------------------
                         slack                                  0.264    

Slack (MET) :             0.267ns  (arrival time - required time)
  Source:                 craft_mix_columns_inst/r1_reg[0]/C
                            (rising edge-triggered cell FDRE clocked by sys_clk_pin  {rise@0.000ns fall@5.000ns period=10.000ns})
  Destination:            craft_mix_columns_inst/r2_reg[0]/D
                            (rising edge-triggered cell FDRE clocked by sys_clk_pin  {rise@0.000ns fall@5.000ns period=10.000ns})
  Path Group:             sys_clk_pin
  Path Type:              Hold (Min at Fast Process Corner)
  Requirement:            0.000ns  (sys_clk_pin rise@0.000ns - sys_clk_pin rise@0.000ns)
  Data Path Delay:        0.400ns  (logic 0.186ns (46.508%)  route 0.214ns (53.492%))
  Logic Levels:           1  (LUT4=1)
  Clock Path Skew:        0.013ns (DCD - SCD - CPR)
    Destination Clock Delay (DCD):    1.995ns
    Source Clock Delay      (SCD):    1.479ns
    Clock Pessimism Removal (CPR):    0.502ns

    Location             Delay type                Incr(ns)  Path(ns)    Netlist Resource(s)
  -------------------------------------------------------------------    -------------------
                         (clock sys_clk_pin rise edge)
                                                      0.000     0.000 r  
    E3                                                0.000     0.000 r  CLK100MHZ (IN)
                         net (fo=0)                   0.000     0.000    CLK100MHZ
    E3                   IBUF (Prop_ibuf_I_O)         0.250     0.250 r  CLK100MHZ_IBUF_inst/O
                         net (fo=1, routed)           0.644     0.894    CLK100MHZ_IBUF
    BUFGCTRL_X0Y16       BUFG (Prop_bufg_I_O)         0.026     0.920 r  CLK100MHZ_IBUF_BUFG_inst/O
                         net (fo=144, routed)         0.560     1.479    craft_mix_columns_inst/clk
    SLICE_X51Y100        FDRE                                         r  craft_mix_columns_inst/r1_reg[0]/C
  -------------------------------------------------------------------    -------------------
    SLICE_X51Y100        FDRE (Prop_fdre_C_Q)         0.141     1.620 r  craft_mix_columns_inst/r1_reg[0]/Q
                         net (fo=2, routed)           0.214     1.834    craft_mix_columns_inst/r1[0]
    SLICE_X50Y100        LUT4 (Prop_lut4_I0_O)        0.045     1.879 r  craft_mix_columns_inst/r2[0]_i_1/O
                         net (fo=1, routed)           0.000     1.879    craft_mix_columns_inst/t1[0]
    SLICE_X50Y100        FDRE                                         r  craft_mix_columns_inst/r2_reg[0]/D
  -------------------------------------------------------------------    -------------------

                         (clock sys_clk_pin rise edge)
                                                      0.000     0.000 r  
    E3                                                0.000     0.000 r  CLK100MHZ (IN)
                         net (fo=0)                   0.000     0.000    CLK100MHZ
    E3                   IBUF (Prop_ibuf_I_O)         0.438     0.438 r  CLK100MHZ_IBUF_inst/O
                         net (fo=1, routed)           0.699     1.136    CLK100MHZ_IBUF
    BUFGCTRL_X0Y16       BUFG (Prop_bufg_I_O)         0.029     1.165 r  CLK100MHZ_IBUF_BUFG_inst/O
                         net (fo=144, routed)         0.830     1.995    craft_mix_columns_inst/clk
    SLICE_X50Y100        FDRE                                         r  craft_mix_columns_inst/r2_reg[0]/C
                         clock pessimism             -0.502     1.492    
    SLICE_X50Y100        FDRE (Hold_fdre_C_D)         0.120     1.612    craft_mix_columns_inst/r2_reg[0]
  -------------------------------------------------------------------
                         required time                         -1.612    
                         arrival time                           1.879    
  -------------------------------------------------------------------
                         slack                                  0.267    

Slack (MET) :             0.271ns  (arrival time - required time)
  Source:                 craft_mix_columns_inst/r1_reg[1]/C
                            (rising edge-triggered cell FDRE clocked by sys_clk_pin  {rise@0.000ns fall@5.000ns period=10.000ns})
  Destination:            craft_mix_columns_inst/r2_reg[1]/D
                            (rising edge-triggered cell FDRE clocked by sys_clk_pin  {rise@0.000ns fall@5.000ns period=10.000ns})
  Path Group:             sys_clk_pin
  Path Type:              Hold (Min at Fast Process Corner)
  Requirement:            0.000ns  (sys_clk_pin rise@0.000ns - sys_clk_pin rise@0.000ns)
  Data Path Delay:        0.405ns  (logic 0.186ns (45.905%)  route 0.219ns (54.095%))
  Logic Levels:           1  (LUT4=1)
  Clock Path Skew:        0.013ns (DCD - SCD - CPR)
    Destination Clock Delay (DCD):    1.995ns
    Source Clock Delay      (SCD):    1.479ns
    Clock Pessimism Removal (CPR):    0.502ns

    Location             Delay type                Incr(ns)  Path(ns)    Netlist Resource(s)
  -------------------------------------------------------------------    -------------------
                         (clock sys_clk_pin rise edge)
                                                      0.000     0.000 r  
    E3                                                0.000     0.000 r  CLK100MHZ (IN)
                         net (fo=0)                   0.000     0.000    CLK100MHZ
    E3                   IBUF (Prop_ibuf_I_O)         0.250     0.250 r  CLK100MHZ_IBUF_inst/O
                         net (fo=1, routed)           0.644     0.894    CLK100MHZ_IBUF
    BUFGCTRL_X0Y16       BUFG (Prop_bufg_I_O)         0.026     0.920 r  CLK100MHZ_IBUF_BUFG_inst/O
                         net (fo=144, routed)         0.560     1.479    craft_mix_columns_inst/clk
    SLICE_X51Y100        FDRE                                         r  craft_mix_columns_inst/r1_reg[1]/C
  -------------------------------------------------------------------    -------------------
    SLICE_X51Y100        FDRE (Prop_fdre_C_Q)         0.141     1.620 r  craft_mix_columns_inst/r1_reg[1]/Q
                         net (fo=2, routed)           0.219     1.840    craft_mix_columns_inst/r1[1]
    SLICE_X50Y100        LUT4 (Prop_lut4_I0_O)        0.045     1.885 r  craft_mix_columns_inst/r2[1]_i_1/O
                         net (fo=1, routed)           0.000     1.885    craft_mix_columns_inst/t1[1]
    SLICE_X50Y100        FDRE                                         r  craft_mix_columns_inst/r2_reg[1]/D
  -------------------------------------------------------------------    -------------------

                         (clock sys_clk_pin rise edge)
                                                      0.000     0.000 r  
    E3                                                0.000     0.000 r  CLK100MHZ (IN)
                         net (fo=0)                   0.000     0.000    CLK100MHZ
    E3                   IBUF (Prop_ibuf_I_O)         0.438     0.438 r  CLK100MHZ_IBUF_inst/O
                         net (fo=1, routed)           0.699     1.136    CLK100MHZ_IBUF
    BUFGCTRL_X0Y16       BUFG (Prop_bufg_I_O)         0.029     1.165 r  CLK100MHZ_IBUF_BUFG_inst/O
                         net (fo=144, routed)         0.830     1.995    craft_mix_columns_inst/clk
    SLICE_X50Y100        FDRE                                         r  craft_mix_columns_inst/r2_reg[1]/C
                         clock pessimism             -0.502     1.492    
    SLICE_X50Y100        FDRE (Hold_fdre_C_D)         0.121     1.613    craft_mix_columns_inst/r2_reg[1]
  -------------------------------------------------------------------
                         required time                         -1.613    
                         arrival time                           1.885    
  -------------------------------------------------------------------
                         slack                                  0.271    

Slack (MET) :             0.279ns  (arrival time - required time)
  Source:                 craft_mix_columns_inst/r2_reg[0]/C
                            (rising edge-triggered cell FDRE clocked by sys_clk_pin  {rise@0.000ns fall@5.000ns period=10.000ns})
  Destination:            craft_mix_columns_inst/r3_reg[0]/D
                            (rising edge-triggered cell FDRE clocked by sys_clk_pin  {rise@0.000ns fall@5.000ns period=10.000ns})
  Path Group:             sys_clk_pin
  Path Type:              Hold (Min at Fast Process Corner)
  Requirement:            0.000ns  (sys_clk_pin rise@0.000ns - sys_clk_pin rise@0.000ns)
  Data Path Delay:        0.410ns  (logic 0.210ns (51.172%)  route 0.200ns (48.828%))
  Logic Levels:           1  (LUT5=1)
  Clock Path Skew:        0.000ns (DCD - SCD - CPR)
    Destination Clock Delay (DCD):    1.995ns
    Source Clock Delay      (SCD):    1.479ns
    Clock Pessimism Removal (CPR):    0.515ns

    Location             Delay type                Incr(ns)  Path(ns)    Netlist Resource(s)
  -------------------------------------------------------------------    -------------------
                         (clock sys_clk_pin rise edge)
                                                      0.000     0.000 r  
    E3                                                0.000     0.000 r  CLK100MHZ (IN)
                         net (fo=0)                   0.000     0.000    CLK100MHZ
    E3                   IBUF (Prop_ibuf_I_O)         0.250     0.250 r  CLK100MHZ_IBUF_inst/O
                         net (fo=1, routed)           0.644     0.894    CLK100MHZ_IBUF
    BUFGCTRL_X0Y16       BUFG (Prop_bufg_I_O)         0.026     0.920 r  CLK100MHZ_IBUF_BUFG_inst/O
                         net (fo=144, routed)         0.560     1.479    craft_mix_columns_inst/clk
    SLICE_X50Y100        FDRE                                         r  craft_mix_columns_inst/r2_reg[0]/C
  -------------------------------------------------------------------    -------------------
    SLICE_X50Y100        FDRE (Prop_fdre_C_Q)         0.164     1.643 r  craft_mix_columns_inst/r2_reg[0]/Q
                         net (fo=2, routed)           0.200     1.844    craft_mix_columns_inst/r2[0]
    SLICE_X50Y100        LUT5 (Prop_lut5_I0_O)        0.046     1.890 r  craft_mix_columns_inst/r3[0]_i_1/O
                         net (fo=1, routed)           0.000     1.890    craft_mix_columns_inst/t2[0]
    SLICE_X50Y100        FDRE                                         r  craft_mix_columns_inst/r3_reg[0]/D
  -------------------------------------------------------------------    -------------------

                         (clock sys_clk_pin rise edge)
                                                      0.000     0.000 r  
    E3                                                0.000     0.000 r  CLK100MHZ (IN)
                         net (fo=0)                   0.000     0.000    CLK100MHZ
    E3                   IBUF (Prop_ibuf_I_O)         0.438     0.438 r  CLK100MHZ_IBUF_inst/O
                         net (fo=1, routed)           0.699     1.136    CLK100MHZ_IBUF
    BUFGCTRL_X0Y16       BUFG (Prop_bufg_I_O)         0.029     1.165 r  CLK100MHZ_IBUF_BUFG_inst/O
                         net (fo=144, routed)         0.830     1.995    craft_mix_columns_inst/clk
    SLICE_X50Y100        FDRE                                         r  craft_mix_columns_inst/r3_reg[0]/C
                         clock pessimism             -0.515     1.479    
    SLICE_X50Y100        FDRE (Hold_fdre_C_D)         0.131     1.610    craft_mix_columns_inst/r3_reg[0]
  -------------------------------------------------------------------
                         required time                         -1.610    
                         arrival time                           1.890    
  -------------------------------------------------------------------
                         slack                                  0.279    





Pulse Width Checks
--------------------------------------------------------------------------------------
Clock Name:         sys_clk_pin
Waveform(ns):       { 0.000 5.000 }
Period(ns):         10.000
Sources:            { CLK100MHZ }

Check Type        Corner  Lib Pin  Reference Pin  Required(ns)  Actual(ns)  Slack(ns)  Location        Pin
Min Period        n/a     BUFG/I   n/a            2.155         10.000      7.845      BUFGCTRL_X0Y16  CLK100MHZ_IBUF_BUFG_inst/I
Min Period        n/a     FDRE/C   n/a            1.000         10.000      9.000      SLICE_X3Y27     craft_key_register_inst/key_registers_reg[0]/C
Min Period        n/a     FDRE/C   n/a            1.000         10.000      9.000      SLICE_X6Y29     craft_key_register_inst/key_registers_reg[10]/C
Min Period        n/a     FDRE/C   n/a            1.000         10.000      9.000      SLICE_X6Y29     craft_key_register_inst/key_registers_reg[11]/C
Min Period        n/a     FDRE/C   n/a            1.000         10.000      9.000      SLICE_X1Y29     craft_key_register_inst/key_registers_reg[12]/C
Min Period        n/a     FDRE/C   n/a            1.000         10.000      9.000      SLICE_X1Y29     craft_key_register_inst/key_registers_reg[13]/C
Min Period        n/a     FDRE/C   n/a            1.000         10.000      9.000      SLICE_X2Y28     craft_key_register_inst/key_registers_reg[14]/C
Min Period        n/a     FDRE/C   n/a            1.000         10.000      9.000      SLICE_X2Y28     craft_key_register_inst/key_registers_reg[15]/C
Min Period        n/a     FDRE/C   n/a            1.000         10.000      9.000      SLICE_X3Y28     craft_key_register_inst/key_registers_reg[16]/C
Min Period        n/a     FDRE/C   n/a            1.000         10.000      9.000      SLICE_X3Y28     craft_key_register_inst/key_registers_reg[17]/C
Low Pulse Width   Slow    FDRE/C   n/a            0.500         5.000       4.500      SLICE_X3Y27     craft_key_register_inst/key_registers_reg[0]/C
Low Pulse Width   Fast    FDRE/C   n/a            0.500         5.000       4.500      SLICE_X3Y27     craft_key_register_inst/key_registers_reg[0]/C
Low Pulse Width   Slow    FDRE/C   n/a            0.500         5.000       4.500      SLICE_X6Y29     craft_key_register_inst/key_registers_reg[10]/C
Low Pulse Width   Fast    FDRE/C   n/a            0.500         5.000       4.500      SLICE_X6Y29     craft_key_register_inst/key_registers_reg[10]/C
Low Pulse Width   Slow    FDRE/C   n/a            0.500         5.000       4.500      SLICE_X6Y29     craft_key_register_inst/key_registers_reg[11]/C
Low Pulse Width   Fast    FDRE/C   n/a            0.500         5.000       4.500      SLICE_X6Y29     craft_key_register_inst/key_registers_reg[11]/C
Low Pulse Width   Slow    FDRE/C   n/a            0.500         5.000       4.500      SLICE_X1Y29     craft_key_register_inst/key_registers_reg[12]/C
Low Pulse Width   Fast    FDRE/C   n/a            0.500         5.000       4.500      SLICE_X1Y29     craft_key_register_inst/key_registers_reg[12]/C
Low Pulse Width   Slow    FDRE/C   n/a            0.500         5.000       4.500      SLICE_X1Y29     craft_key_register_inst/key_registers_reg[13]/C
Low Pulse Width   Fast    FDRE/C   n/a            0.500         5.000       4.500      SLICE_X1Y29     craft_key_register_inst/key_registers_reg[13]/C
High Pulse Width  Slow    FDRE/C   n/a            0.500         5.000       4.500      SLICE_X3Y27     craft_key_register_inst/key_registers_reg[0]/C
High Pulse Width  Fast    FDRE/C   n/a            0.500         5.000       4.500      SLICE_X3Y27     craft_key_register_inst/key_registers_reg[0]/C
High Pulse Width  Slow    FDRE/C   n/a            0.500         5.000       4.500      SLICE_X6Y29     craft_key_register_inst/key_registers_reg[10]/C
High Pulse Width  Fast    FDRE/C   n/a            0.500         5.000       4.500      SLICE_X6Y29     craft_key_register_inst/key_registers_reg[10]/C
High Pulse Width  Slow    FDRE/C   n/a            0.500         5.000       4.500      SLICE_X6Y29     craft_key_register_inst/key_registers_reg[11]/C
High Pulse Width  Fast    FDRE/C   n/a            0.500         5.000       4.500      SLICE_X6Y29     craft_key_register_inst/key_registers_reg[11]/C
High Pulse Width  Slow    FDRE/C   n/a            0.500         5.000       4.500      SLICE_X1Y29     craft_key_register_inst/key_registers_reg[12]/C
High Pulse Width  Fast    FDRE/C   n/a            0.500         5.000       4.500      SLICE_X1Y29     craft_key_register_inst/key_registers_reg[12]/C
High Pulse Width  Slow    FDRE/C   n/a            0.500         5.000       4.500      SLICE_X1Y29     craft_key_register_inst/key_registers_reg[13]/C
High Pulse Width  Fast    FDRE/C   n/a            0.500         5.000       4.500      SLICE_X1Y29     craft_key_register_inst/key_registers_reg[13]/C



